gen0 (minimax): 16%

gen1: 11% (NNNP: no noise no priors)

gen2: 8.5% (NNSP: no nose soft priors - priors softened via temp exponent)

gen3: 14% (NNSP)

gen4: 11% (PNSP: partial noise soft priors - meaning I used temp sampling but no dirichlet noise)

gen5: 18.4% (PNSP)